// Jest Snapshot v1, https://goo.gl/fbAQLP

exports[`Login Component will match snapshot 1`] = `
Object {
  "asFragment": [Function],
  "baseElement": <body>
    <div>
      <form
        class="modal-content animate"
      >
        <div
          class="img-container"
        >
          <img
            alt="employee poll"
            class="login-image"
            src="employee_poll.png"
          />
        </div>
        <div
          class="container"
        >
          <label
            for="uname"
          >
            <b>
              Username
            </b>
          </label>
          <input
            name="uname"
            placeholder="Enter Username"
            required=""
            type="text"
          />
          <label
            for="psw"
          >
            <b>
              Password
            </b>
          </label>
          <input
            name="psw"
            placeholder="Enter Password"
            required=""
            type="password"
          />
          <button
            type="submit"
          >
            Login
          </button>
        </div>
      </form>
    </div>
  </body>,
  "container": <div>
    <form
      class="modal-content animate"
    >
      <div
        class="img-container"
      >
        <img
          alt="employee poll"
          class="login-image"
          src="employee_poll.png"
        />
      </div>
      <div
        class="container"
      >
        <label
          for="uname"
        >
          <b>
            Username
          </b>
        </label>
        <input
          name="uname"
          placeholder="Enter Username"
          required=""
          type="text"
        />
        <label
          for="psw"
        >
          <b>
            Password
          </b>
        </label>
        <input
          name="psw"
          placeholder="Enter Password"
          required=""
          type="password"
        />
        <button
          type="submit"
        >
          Login
        </button>
      </div>
    </form>
  </div>,
  "debug": [Function],
  "findAllByAltText": [Function],
  "findAllByDisplayValue": [Function],
  "findAllByLabelText": [Function],
  "findAllByPlaceholderText": [Function],
  "findAllByRole": [Function],
  "findAllByTestId": [Function],
  "findAllByText": [Function],
  "findAllByTitle": [Function],
  "findByAltText": [Function],
  "findByDisplayValue": [Function],
  "findByLabelText": [Function],
  "findByPlaceholderText": [Function],
  "findByRole": [Function],
  "findByTestId": [Function],
  "findByText": [Function],
  "findByTitle": [Function],
  "getAllByAltText": [Function],
  "getAllByDisplayValue": [Function],
  "getAllByLabelText": [Function],
  "getAllByPlaceholderText": [Function],
  "getAllByRole": [Function],
  "getAllByTestId": [Function],
  "getAllByText": [Function],
  "getAllByTitle": [Function],
  "getByAltText": [Function],
  "getByDisplayValue": [Function],
  "getByLabelText": [Function],
  "getByPlaceholderText": [Function],
  "getByRole": [Function],
  "getByTestId": [Function],
  "getByText": [Function],
  "getByTitle": [Function],
  "queryAllByAltText": [Function],
  "queryAllByDisplayValue": [Function],
  "queryAllByLabelText": [Function],
  "queryAllByPlaceholderText": [Function],
  "queryAllByRole": [Function],
  "queryAllByTestId": [Function],
  "queryAllByText": [Function],
  "queryAllByTitle": [Function],
  "queryByAltText": [Function],
  "queryByDisplayValue": [Function],
  "queryByLabelText": [Function],
  "queryByPlaceholderText": [Function],
  "queryByRole": [Function],
  "queryByTestId": [Function],
  "queryByText": [Function],
  "queryByTitle": [Function],
  "rerender": [Function],
  "unmount": [Function],
}
`;
